Hover tests/CustomScalars.res 2:7
{"status": "Hover", "item": {"contents": {"kind": "markdown", "value": "GraphQL scalar generated by ResGraph:\n```graphql\nscalar TimestampZ\n```"}}}
