Hover tests/HasNameInterfaceResolvers.res 9:5
{"status": "Hover", "item": {"contents": {"kind": "markdown", "value": "GraphQL interface field generated by ResGraph:\n```graphql\ninterface HasName {\n  abbreviatedName: String\n}\n```"}}}
