Hover tests/HasNameInterface.res 2:6
{"status": "Hover", "item": {"contents": {"kind": "markdown", "value": "GraphQL interface generated by ResGraph:\n```graphql\n\n\"\"\"An entity with a name.\"\"\"\ninterface HasName {\n  abbreviatedName: String\n  name: String!\n}\n```"}}}
